#
# There is insufficient memory for the Java Runtime Environment to continue.
# Native memory allocation (malloc) failed to allocate 705792 bytes. Error detail: Chunk::new
# Possible reasons:
#   The system is out of physical RAM or swap space
#   This process is running with CompressedOops enabled, and the Java Heap may be blocking the growth of the native heap
# Possible solutions:
#   Reduce memory load on the system
#   Increase physical memory or swap space
#   Check if swap backing store is full
#   Decrease Java heap size (-Xmx/-Xms)
#   Decrease number of Java threads
#   Decrease Java thread stack sizes (-Xss)
#   Set larger code cache with -XX:ReservedCodeCacheSize=
#   JVM is running with Unscaled Compressed Oops mode in which the Java heap is
#     placed in the first 4GB address space. The Java Heap base address is the
#     maximum limit for the native heap growth. Please use -XX:HeapBaseMinAddress
#     to set the Java Heap base and to place the Java Heap above 4GB virtual address.
# This output file may be truncated or incomplete.
#
#  Out of Memory Error (arena.cpp:186), pid=23352, tid=17324
#
# JRE version: Java(TM) SE Runtime Environment (25.0.2+10) (build 25.0.2+10-LTS-69)
# Java VM: Java HotSpot(TM) 64-Bit Server VM (25.0.2+10-LTS-69, mixed mode, sharing, tiered, compressed oops, compressed class ptrs, parallel gc, windows-amd64)
# No core dump will be written. Minidumps are not enabled by default on client versions of Windows
#

---------------  S U M M A R Y ------------

Command Line: -Djdk.xml.maxGeneralEntitySizeLimit=0 -Djdk.xml.totalEntitySizeLimit=0 --add-modules=ALL-SYSTEM --add-opens=java.base/java.util=ALL-UNNAMED --add-opens=java.base/java.lang=ALL-UNNAMED --add-opens=java.base/sun.nio.fs=ALL-UNNAMED -Declipse.application=org.eclipse.jdt.ls.core.id1 -Dosgi.bundles.defaultStartLevel=4 -Declipse.product=org.eclipse.jdt.ls.core.product -Djava.import.generatesMetadataFilesAtProjectRoot=false -DDetectVMInstallationsJob.disabled=true -Dfile.encoding=utf8 -XX:+UseParallelGC -XX:GCTimeRatio=4 -XX:AdaptiveSizePolicyWeight=90 -Dsun.zip.disableMemoryMapping=true -Xmx2G -Xms100m -Xlog:disable -javaagent:c:\Users\ACER\.vscode\extensions\redhat.java-1.54.0-win32-x64\lombok\lombok-1.18.39-4050.jar -XX:+HeapDumpOnOutOfMemoryError -XX:HeapDumpPath=c:\Users\ACER\AppData\Roaming\Code\User\workspaceStorage\e8706cca0626decdf435af984f95c784\redhat.java -Daether.dependencyCollector.impl=bf c:\Users\ACER\.vscode\extensions\redhat.java-1.54.0-win32-x64\server\plugins\org.eclipse.equinox.launcher_1.7.100.v20251111-0406.jar -configuration c:\Users\ACER\AppData\Roaming\Code\User\globalStorage\redhat.java\1.54.0\config_win -data c:\Users\ACER\AppData\Roaming\Code\User\workspaceStorage\e8706cca0626decdf435af984f95c784\redhat.java\jdt_ws --pipe=\\.\pipe\lsp-ac9d4af45e7b175ae0475cc0a604256c-sock

Host: AMD Ryzen 5 5600H with Radeon Graphics         , 12 cores, 15G,  Windows 11 , 64 bit Build 26100 (10.0.26100.8246)
Time: Tue Apr 28 22:02:40 2026 SE Asia Standard Time elapsed time: 120.831130 seconds (0d 0h 2m 0s)

---------------  T H R E A D  ---------------

Current thread (0x000002419b0b2aa0):  JavaThread "C2 CompilerThread0" daemon [_thread_in_native, id=17324, stack(0x00000063fd500000,0x00000063fd600000) (1024K)]


Current CompileTask:
C2:120831 12382  s!   4       org.eclipse.jdt.core.dom.DefaultBindingResolver::resolveName (1735 bytes)

Stack: [0x00000063fd500000,0x00000063fd600000]
Native frames: (J=compiled Java code, j=interpreted, Vv=VM code, C=native code)
V  [jvm.dll+0x7a70f9]  (no source info available)
V  [jvm.dll+0x772d6d]  (no source info available)
V  [jvm.dll+0x965d53]  (no source info available)
V  [jvm.dll+0x968351]  (no source info available)
V  [jvm.dll+0x968a63]  (no source info available)
V  [jvm.dll+0x2fc846]  (no source info available)
V  [jvm.dll+0x111b16]  (no source info available)
V  [jvm.dll+0x111e3e]  (no source info available)
V  [jvm.dll+0x45276d]  (no source info available)
V  [jvm.dll+0x421aa2]  (no source info available)
V  [jvm.dll+0x420eba]  (no source info available)
V  [jvm.dll+0x2c0979]  (no source info available)
V  [jvm.dll+0x2bfb5f]  (no source info available)
V  [jvm.dll+0x2379a0]  (no source info available)
V  [jvm.dll+0x2cfc86]  (no source info available)
V  [jvm.dll+0x2cdf05]  (no source info available)
V  [jvm.dll+0x48e9d1]  (no source info available)
V  [jvm.dll+0x906fcd]  (no source info available)
V  [jvm.dll+0x7a56d5]  (no source info available)
C  [ucrtbase.dll+0x37b0]  (no source info available)
C  [KERNEL32.DLL+0x2e8d7]  (no source info available)
C  [ntdll.dll+0x8c3fc]  (no source info available)

Lock stack of current Java thread (top to bottom):


---------------  P R O C E S S  ---------------

Threads class SMR info:
_java_thread_list=0x00000241bfb737c0, length=50, elements={
0x000002419b09d950, 0x000002419b141290, 0x000002419b141dc0, 0x000002419b1454e0,
0x000002419b14f880, 0x000002419b150ff0, 0x000002419b1536e0, 0x000002419b0b2aa0,
0x000002419b0b0a60, 0x00000241bb129ab0, 0x00000241bb23da90, 0x00000241bb93fab0,
0x00000241bba66e90, 0x00000241bb8a10a0, 0x00000241bbdcfb30, 0x00000241bb0a51b0,
0x00000241bbbd1320, 0x00000241bb714cb0, 0x00000241bba827b0, 0x00000241bc010460,
0x00000241bc012b70, 0x00000241bc0142e0, 0x00000241bc014ab0, 0x00000241bc015280,
0x00000241bc013340, 0x00000241bc013b10, 0x00000241bc305670, 0x00000241bc304ea0,
0x00000241bc3046d0, 0x00000241bc303730, 0x00000241bc301fc0, 0x00000241bc302f60,
0x00000241bc302790, 0x00000241bc3094f0, 0x00000241bc306610, 0x00000241bde66830,
0x00000241bde67000, 0x00000241bde6cdc0, 0x00000241bde6be20, 0x00000241bb860890,
0x00000241bc115900, 0x00000241bc112a20, 0x00000241bc115130, 0x00000241bc1131f0,
0x00000241bc1168a0, 0x00000241bc117840, 0x00000241bc118010, 0x00000241bc11d140,
0x00000241bc11aa30, 0x00000241c0b77420
}

Java Threads: ( => current thread )
  0x000002419b09d950 JavaThread "main"                              [_thread_blocked, id=25248, stack(0x00000063fcb00000,0x00000063fcc00000) (1024K)]
  0x000002419b141290 JavaThread "Reference Handler"          daemon [_thread_blocked, id=23804, stack(0x00000063fcf00000,0x00000063fd000000) (1024K)]
  0x000002419b141dc0 JavaThread "Finalizer"                  daemon [_thread_blocked, id=22568, stack(0x00000063fd000000,0x00000063fd100000) (1024K)]
  0x000002419b1454e0 JavaThread "Signal Dispatcher"          daemon [_thread_blocked, id=20684, stack(0x00000063fd100000,0x00000063fd200000) (1024K)]
  0x000002419b14f880 JavaThread "Attach Listener"            daemon [_thread_blocked, id=24132, stack(0x00000063fd200000,0x00000063fd300000) (1024K)]
  0x000002419b150ff0 JavaThread "Service Thread"             daemon [_thread_blocked, id=21700, stack(0x00000063fd300000,0x00000063fd400000) (1024K)]
  0x000002419b1536e0 JavaThread "Monitor Deflation Thread"   daemon [_thread_blocked, id=884, stack(0x00000063fd400000,0x00000063fd500000) (1024K)]
=>0x000002419b0b2aa0 JavaThread "C2 CompilerThread0"         daemon [_thread_in_native, id=17324, stack(0x00000063fd500000,0x00000063fd600000) (1024K)]
  0x000002419b0b0a60 JavaThread "C1 CompilerThread0"         daemon [_thread_blocked, id=24116, stack(0x00000063fd600000,0x00000063fd700000) (1024K)]
  0x00000241bb129ab0 JavaThread "Common-Cleaner"             daemon [_thread_blocked, id=24500, stack(0x00000063fd800000,0x00000063fd900000) (1024K)]
  0x00000241bb23da90 JavaThread "Notification Thread"        daemon [_thread_blocked, id=25436, stack(0x00000063fd900000,0x00000063fda00000) (1024K)]
  0x00000241bb93fab0 JavaThread "Active Thread: Equinox Container: 21ddd2cd-8cd0-4455-98dd-2c5b42824854"        [_thread_blocked, id=13740, stack(0x00000063fde00000,0x00000063fdf00000) (1024K)]
  0x00000241bba66e90 JavaThread "Framework Event Dispatcher: Equinox Container: 21ddd2cd-8cd0-4455-98dd-2c5b42824854" daemon [_thread_blocked, id=25424, stack(0x00000063fd700000,0x00000063fd800000) (1024K)]
  0x00000241bb8a10a0 JavaThread "Start Level: Equinox Container: 21ddd2cd-8cd0-4455-98dd-2c5b42824854" daemon [_thread_blocked, id=25408, stack(0x00000063fda00000,0x00000063fdb00000) (1024K)]
  0x00000241bbdcfb30 JavaThread "Bundle File Closer"         daemon [_thread_blocked, id=20448, stack(0x00000063fe000000,0x00000063fe100000) (1024K)]
  0x00000241bb0a51b0 JavaThread "SCR Component Actor"        daemon [_thread_blocked, id=25392, stack(0x00000063fe200000,0x00000063fe300000) (1024K)]
  0x00000241bbbd1320 JavaThread "Worker-JM"                         [_thread_blocked, id=25364, stack(0x00000063fe300000,0x00000063fe400000) (1024K)]
  0x00000241bb714cb0 JavaThread "JNA Cleaner"                daemon [_thread_blocked, id=18044, stack(0x00000063fe700000,0x00000063fe800000) (1024K)]
  0x00000241bba827b0 JavaThread "Worker-0"                          [_thread_blocked, id=15956, stack(0x00000063fe900000,0x00000063fea00000) (1024K)]
  0x00000241bc010460 JavaThread "Java indexing"              daemon [_thread_blocked, id=23900, stack(0x00000063fee00000,0x00000063fef00000) (1024K)]
  0x00000241bc012b70 JavaThread "Worker-2"                          [_thread_blocked, id=18156, stack(0x00000063ff000000,0x00000063ff100000) (1024K)]
  0x00000241bc0142e0 JavaThread "Worker-3"                          [_thread_blocked, id=24960, stack(0x00000063ff100000,0x00000063ff200000) (1024K)]
  0x00000241bc014ab0 JavaThread "InnocuousThread-1"          daemon [_thread_in_native, id=25344, stack(0x00000063ff200000,0x00000063ff300000) (1024K)]
  0x00000241bc015280 JavaThread "InnocuousThread-2"          daemon [_thread_in_native, id=16176, stack(0x00000063ff300000,0x00000063ff400000) (1024K)]
  0x00000241bc013340 JavaThread "InnocuousThread-3"          daemon [_thread_in_native, id=13480, stack(0x00000063ff400000,0x00000063ff500000) (1024K)]
  0x00000241bc013b10 JavaThread "InnocuousThread-4"          daemon [_thread_in_native, id=13700, stack(0x00000063ff500000,0x00000063ff600000) (1024K)]
  0x00000241bc305670 JavaThread "InnocuousThread-5"          daemon [_thread_in_native, id=16164, stack(0x00000063ff600000,0x00000063ff700000) (1024K)]
  0x00000241bc304ea0 JavaThread "InnocuousThread-6"          daemon [_thread_in_native, id=24168, stack(0x00000063ff700000,0x00000063ff800000) (1024K)]
  0x00000241bc3046d0 JavaThread "InnocuousThread-7"          daemon [_thread_in_native, id=24112, stack(0x00000063ff800000,0x00000063ff900000) (1024K)]
  0x00000241bc303730 JavaThread "InnocuousThread-8"          daemon [_thread_in_native, id=21912, stack(0x00000063ff900000,0x00000063ffa00000) (1024K)]
  0x00000241bc301fc0 JavaThread "InnocuousThread-9"          daemon [_thread_in_native, id=5552, stack(0x00000063ffa00000,0x00000063ffb00000) (1024K)]
  0x00000241bc302f60 JavaThread "InnocuousThread-10"         daemon [_thread_in_native, id=24328, stack(0x00000063ffb00000,0x00000063ffc00000) (1024K)]
  0x00000241bc302790 JavaThread "InnocuousThread-11"         daemon [_thread_in_native, id=23992, stack(0x00000063ffc00000,0x00000063ffd00000) (1024K)]
  0x00000241bc3094f0 JavaThread "InnocuousThread-12"         daemon [_thread_in_native, id=25264, stack(0x00000063ffd00000,0x00000063ffe00000) (1024K)]
  0x00000241bc306610 JavaThread "InnocuousThread-13"         daemon [_thread_in_native, id=16936, stack(0x00000063ffe00000,0x00000063fff00000) (1024K)]
  0x00000241bde66830 JavaThread "pool-2-thread-1"                   [_thread_blocked, id=4392, stack(0x00000063fff00000,0x0000006400000000) (1024K)]
  0x00000241bde67000 JavaThread "WorkspaceEventsHandler"            [_thread_blocked, id=5292, stack(0x0000006380000000,0x0000006380100000) (1024K)]
  0x00000241bde6cdc0 JavaThread "pool-1-thread-1"                   [_thread_blocked, id=7996, stack(0x0000006380100000,0x0000006380200000) (1024K)]
  0x00000241bde6be20 JavaThread "ForkJoinPool.commonPool-worker-1" daemon [_thread_blocked, id=25288, stack(0x0000006380200000,0x0000006380300000) (1024K)]
  0x00000241bb860890 JavaThread "ForkJoinPool.commonPool-worker-2" daemon [_thread_blocked, id=4896, stack(0x0000006380300000,0x0000006380400000) (1024K)]
  0x00000241bc115900 JavaThread "ForkJoinPool.commonPool-worker-3" daemon [_thread_blocked, id=25196, stack(0x0000006380400000,0x0000006380500000) (1024K)]
  0x00000241bc112a20 JavaThread "ForkJoinPool.commonPool-worker-4" daemon [_thread_blocked, id=25284, stack(0x0000006380500000,0x0000006380600000) (1024K)]
  0x00000241bc115130 JavaThread "ForkJoinPool.commonPool-worker-5" daemon [_thread_blocked, id=21776, stack(0x0000006380600000,0x0000006380700000) (1024K)]
  0x00000241bc1131f0 JavaThread "ForkJoinPool.commonPool-worker-6" daemon [_thread_blocked, id=16508, stack(0x0000006380700000,0x0000006380800000) (1024K)]
  0x00000241bc1168a0 JavaThread "ForkJoinPool.commonPool-worker-7" daemon [_thread_blocked, id=25164, stack(0x0000006380800000,0x0000006380900000) (1024K)]
  0x00000241bc117840 JavaThread "ForkJoinPool.commonPool-worker-8" daemon [_thread_blocked, id=25208, stack(0x0000006380900000,0x0000006380a00000) (1024K)]
  0x00000241bc118010 JavaThread "ForkJoinPool.commonPool-worker-9" daemon [_thread_blocked, id=21772, stack(0x0000006380a00000,0x0000006380b00000) (1024K)]
  0x00000241bc11d140 JavaThread "ForkJoinPool.commonPool-worker-10" daemon [_thread_blocked, id=25300, stack(0x0000006380b00000,0x0000006380c00000) (1024K)]
  0x00000241bc11aa30 JavaThread "ForkJoinPool.commonPool-worker-11" daemon [_thread_blocked, id=18772, stack(0x0000006380c00000,0x0000006380d00000) (1024K)]
  0x00000241c0b77420 JavaThread "Cleaner-0"                  daemon [_thread_blocked, id=17300, stack(0x0000006380f00000,0x0000006381000000) (1024K)]
Total: 50

Other Threads:
  0x000002419b130be0 VMThread "VM Thread"                           [id=24556, stack(0x00000063fce00000,0x00000063fcf00000) (1024K)]
  0x000002419b0c3980 WatcherThread "VM Periodic Task Thread"        [id=7692, stack(0x00000063fcd00000,0x00000063fce00000) (1024K)]
  0x000002419b0bd530 WorkerThread "GC Thread#0"                     [id=25204, stack(0x00000063fcc00000,0x00000063fcd00000) (1024K)]
  0x00000241bb983ef0 WorkerThread "GC Thread#1"                     [id=25500, stack(0x00000063fdb00000,0x00000063fdc00000) (1024K)]
  0x00000241bb7e99e0 WorkerThread "GC Thread#2"                     [id=25552, stack(0x00000063fdc00000,0x00000063fdd00000) (1024K)]
  0x00000241bb7e9e10 WorkerThread "GC Thread#3"                     [id=25568, stack(0x00000063fdd00000,0x00000063fde00000) (1024K)]
  0x00000241bb8b1a10 WorkerThread "GC Thread#4"                     [id=24340, stack(0x00000063fdf00000,0x00000063fe000000) (1024K)]
  0x00000241bbee3510 WorkerThread "GC Thread#5"                     [id=25112, stack(0x00000063fe100000,0x00000063fe200000) (1024K)]
  0x00000241bbee09f0 WorkerThread "GC Thread#6"                     [id=25548, stack(0x00000063fe400000,0x00000063fe500000) (1024K)]
  0x00000241bbee1b30 WorkerThread "GC Thread#7"                     [id=25492, stack(0x00000063fe500000,0x00000063fe600000) (1024K)]
  0x00000241bbe2a1e0 WorkerThread "GC Thread#8"                     [id=24032, stack(0x00000063fea00000,0x00000063feb00000) (1024K)]
  0x00000241bbe2c460 WorkerThread "GC Thread#9"                     [id=25572, stack(0x00000063feb00000,0x00000063fec00000) (1024K)]
Total: 12

Threads with active compile tasks:
C2 CompilerThread0  120908 12382  s!   4       org.eclipse.jdt.core.dom.DefaultBindingResolver::resolveName (1735 bytes)
Total: 1

VM state: not at safepoint (normal execution)

VM Mutex/Monitor currently owned by a thread: None

Heap address: 0x0000000080000000, size: 2048 MB, Compressed Oops mode: 32-bit

CDS archive(s) mapped at: [0x000000001a000000-0x000000001add0000-0x000000001add0000), size 14483456, SharedBaseAddress: 0x000000001a000000, ArchiveRelocationMode: 1.
Compressed class space mapped at: 0x000000001b000000-0x000000005b000000, reserved size: 1073741824
UseCompressedClassPointers 1, UseCompactObjectHeaders 0
Narrow klass pointer bits 32, Max shift 3
Narrow klass base: 0x000000001a000000, Narrow klass shift: 0
Encoding Range: [0x000000001a000000 - 0x000000011a000000), (4294967296 bytes)
Klass Range:    [0x000000001a010000 - 0x000000005b000000), (1090453504 bytes)
Klass ID Range:  [65536 - 1090519033) (1090453497)
Protection zone: [0x000000001a000000 - 0x000000001a010000), (65536 bytes)

GC Precious Log:
 CardTable entry size: 512
 CPUs: 12 total, 12 available
 Memory: 15724M
 Large Page Support: Disabled
 NUMA Support: Disabled
 Compressed Oops: Enabled (32-bit)
 Alignments: Space 512K, Generation 512K, Heap 2M
 Heap Min Capacity: 100M
 Heap Initial Capacity: 100M
 Heap Max Capacity: 2G
 Pre-touch: Disabled
 Parallel Workers: 10

Heap:
 PSYoungGen      total 31744K, used 4493K [0x00000000d5580000, 0x00000000d7900000, 0x0000000100000000)
  eden space 30720K, 11% used [0x00000000d5580000,0x00000000d59135d0,0x00000000d7380000)
  from space 1024K, 81% used [0x00000000d7380000,0x00000000d74500a0,0x00000000d7480000)
  to   space 2048K, 0% used [0x00000000d7700000,0x00000000d7700000,0x00000000d7900000)
 ParOldGen       total 86016K, used 78464K [0x0000000080000000, 0x0000000085400000, 0x00000000d5580000)
  object space 86016K, 91% used [0x0000000080000000,0x0000000084ca00c0,0x0000000085400000)

Card table byte_map: [0x000002419aba0000,0x000002419afa0000] _byte_map_base: 0x000002419a7a0000

Marking Bits: (ParMarkBitMap*) 0x00007ffc69e3eb00
 Begin Bits: [0x00000241b2be0000, 0x00000241b4be0000)

Polling page: 0x0000024198ec0000

Metaspace:
Metaspace        used 67344K, committed 68800K, reserved 1114112K
 class space     used 7414K, committed 8000K, reserved 1048576K

Usage:
  Non-class:     58.53 MB used.
      Class:      7.24 MB used.
       Both:     65.77 MB used.

Virtual space:
  Non-class space:       64.00 MB reserved,      59.38 MB ( 93%) committed,  1 nodes.
      Class space:        1.00 GB reserved,       7.81 MB ( <1%) committed,  1 nodes.
             Both:        1.06 GB reserved,      67.19 MB (  6%) committed. 

Chunk freelists:
   Non-Class:  4.48 MB
       Class:  8.17 MB
        Both:  12.65 MB

MaxMetaspaceSize: unlimited
CompressedClassSpaceSize: 1.00 GB
Initial GC threshold: 21.00 MB
Current GC threshold: 97.31 MB
CDS: on
 - commit_granule_bytes: 65536.
 - commit_granule_words: 8192.
 - virtual_space_node_default_size: 8388608.
 - enlarge_chunks_in_place: 1.
UseCompressedClassPointers 1, UseCompactObjectHeaders 0
Narrow klass pointer bits 32, Max shift 3
Narrow klass base: 0x000000001a000000, Narrow klass shift: 0
Encoding Range: [0x000000001a000000 - 0x000000011a000000), (4294967296 bytes)
Klass Range:    [0x000000001a010000 - 0x000000005b000000), (1090453504 bytes)
Klass ID Range:  [65536 - 1090519033) (1090453497)
Protection zone: [0x000000001a000000 - 0x000000001a010000), (65536 bytes)


Internal statistics:

num_allocs_failed_limit: 9.
num_arena_births: 932.
num_arena_deaths: 20.
num_vsnodes_births: 2.
num_vsnodes_deaths: 0.
num_space_committed: 1075.
num_space_uncommitted: 0.
num_chunks_returned_to_freelist: 31.
num_chunks_taken_from_freelist: 3990.
num_chunk_merges: 11.
num_chunk_splits: 2525.
num_chunks_enlarged: 1549.
num_inconsistent_stats: 0.

CodeHeap 'non-profiled nmethods': size=120064Kb used=5194Kb max_used=5194Kb free=114870Kb
 bounds [0x00000241ab3f0000, 0x00000241ab910000, 0x00000241b2930000]
CodeHeap 'profiled nmethods': size=120000Kb used=19610Kb max_used=19610Kb free=100389Kb
 bounds [0x00000241a3930000, 0x00000241a4c60000, 0x00000241aae60000]
CodeHeap 'non-nmethods': size=5696Kb used=1524Kb max_used=1576Kb free=4171Kb
 bounds [0x00000241aae60000, 0x00000241ab0d0000, 0x00000241ab3f0000]
CodeCache: size=245760Kb, used=26328Kb, max_used=26380Kb, free=219430Kb
 total_blobs=12389, nmethods=11603, adapters=690, full_count=0
Compilation: enabled, stopped_count=0, restarted_count=0

Compilation events (20 events):
Event: 117.758 Thread 0x000002419b0b2aa0 12382  s!   4       org.eclipse.jdt.core.dom.DefaultBindingResolver::resolveName (1735 bytes)
Event: 117.761 Thread 0x000002419b0b0a60 nmethod 12385 0x00000241a4c52588 code [0x00000241a4c52680, 0x00000241a4c52b70]
Event: 117.761 Thread 0x000002419b0b0a60 12387   !   3       org.eclipse.core.runtime.SafeRunner::run (20 bytes)
Event: 117.772 Thread 0x000002419b0b0a60 nmethod 12387 0x00000241a4c52b88 code [0x00000241a4c52c80, 0x00000241a4c53690]
Event: 117.772 Thread 0x000002419b0b0a60 12393 %     3       org.eclipse.jdt.core.Signature::checkArrayDimension @ 5 (92 bytes)
Event: 117.772 Thread 0x000002419b0b0a60 nmethod 12393% 0x00000241a4c53708 code [0x00000241a4c53800, 0x00000241a4c53c10]
Event: 117.773 Thread 0x000002419b0b0a60 12394       3       org.eclipse.jdt.internal.core.JavaModelManager::knowsOption (34 bytes)
Event: 117.774 Thread 0x000002419b0b0a60 nmethod 12394 0x00000241a4c53c88 code [0x00000241a4c53d80, 0x00000241a4c54190]
Event: 117.774 Thread 0x000002419b0b0a60 12396   !   3       org.eclipse.jdt.core.dom.SingleVariableDeclaration::getType (59 bytes)
Event: 117.778 Thread 0x000002419b0b0a60 nmethod 12396 0x00000241a4c54208 code [0x00000241a4c54300, 0x00000241a4c554c0]
Event: 117.779 Thread 0x000002419b0b0a60 12391       3       sun.security.provider.DigestBase::engineUpdate (32 bytes)
Event: 117.779 Thread 0x000002419b0b0a60 nmethod 12391 0x00000241a4c55508 code [0x00000241a4c55600, 0x00000241a4c558d0]
Event: 117.779 Thread 0x000002419b0b0a60 12390       3       org.eclipse.jdt.core.dom.ASTNode::checkModifiable (28 bytes)
Event: 117.779 Thread 0x000002419b0b0a60 nmethod 12390 0x00000241a4c55908 code [0x00000241a4c55a00, 0x00000241a4c55e68]
Event: 117.779 Thread 0x000002419b0b0a60 12388       3       org.eclipse.jdt.core.JavaCore::getOptions (7 bytes)
Event: 117.781 Thread 0x000002419b0b0a60 nmethod 12388 0x00000241a4c55e88 code [0x00000241a4c55f80, 0x00000241a4c56120]
Event: 117.781 Thread 0x000002419b0b0a60 12392       1       org.eclipse.lsp4j.CodeActionParams::getTextDocument (5 bytes)
Event: 117.784 Thread 0x000002419b0b0a60 nmethod 12392 0x00000241ab902508 code [0x00000241ab902600, 0x00000241ab9026c8]
Event: 117.834 Thread 0x000002419b0b0a60 12397       3       org.eclipse.lsp4j.jsonrpc.json.adapters.JsonElementTypeAdapter::write (48 bytes)
Event: 118.827 Thread 0x000002419b0b0a60 nmethod 12397 0x00000241a4c56188 code [0x00000241a4c56280, 0x00000241a4c568e8]

GC Heap Usage History (20 events):
Event: 15.540 {heap Before GC invocations=61 (full 2):
 PSYoungGen      total 30720K, used 30720K [0x00000000d5580000, 0x00000000d7780000, 0x0000000100000000)
  eden space 29696K, 100% used [0x00000000d5580000,0x00000000d7280000,0x00000000d7280000)
  from space 1024K, 100% used [0x00000000d7600000,0x00000000d7700000,0x00000000d7700000)
  to   space 2560K, 0% used [0x00000000d7280000,0x00000000d7280000,0x00000000d7500000)
 ParOldGen       total 84480K, used 84109K [0x0000000080000000, 0x0000000085280000, 0x00000000d55800Event: 15.541 {heap After GC invocations=61 (full 2):
 PSYoungGen      total 32256K, used 832K [0x00000000d5580000, 0x00000000d7680000, 0x0000000100000000)
  eden space 29696K, 0% used [0x00000000d5580000,0x00000000d5580000,0x00000000d7280000)
  from space 2560K, 32% used [0x00000000d7280000,0x00000000d7350000,0x00000000d7500000)
  to   space 1536K, 0% used [0x00000000d7500000,0x00000000d7500000,0x00000000d7680000)
 ParOldGen       total 84992K, used 84941K [0x0000000080000000, 0x0000000085300000, 0x00000000d5580000)
  Event: 15.609 {heap Before GC invocations=62 (full 2):
 PSYoungGen      total 32256K, used 30528K [0x00000000d5580000, 0x00000000d7680000, 0x0000000100000000)
  eden space 29696K, 100% used [0x00000000d5580000,0x00000000d7280000,0x00000000d7280000)
  from space 2560K, 32% used [0x00000000d7280000,0x00000000d7350000,0x00000000d7500000)
  to   space 1536K, 0% used [0x00000000d7500000,0x00000000d7500000,0x00000000d7680000)
 ParOldGen       total 84992K, used 84941K [0x0000000080000000, 0x0000000085300000, 0x00000000d558000Event: 15.610 {heap After GC invocations=62 (full 2):
 PSYoungGen      total 32256K, used 1120K [0x00000000d5580000, 0x00000000d7680000, 0x0000000100000000)
  eden space 30720K, 0% used [0x00000000d5580000,0x00000000d5580000,0x00000000d7380000)
  from space 1536K, 72% used [0x00000000d7500000,0x00000000d7618020,0x00000000d7680000)
  to   space 1536K, 0% used [0x00000000d7380000,0x00000000d7380000,0x00000000d7500000)
 ParOldGen       total 86016K, used 85573K [0x0000000080000000, 0x0000000085400000, 0x00000000d5580000)
 Event: 15.719 {heap Before GC invocations=63 (full 3):
 PSYoungGen      total 32256K, used 17531K [0x00000000d5580000, 0x00000000d7680000, 0x0000000100000000)
  eden space 30720K, 53% used [0x00000000d5580000,0x00000000d6586cc8,0x00000000d7380000)
  from space 1536K, 72% used [0x00000000d7500000,0x00000000d7618020,0x00000000d7680000)
  to   space 1536K, 0% used [0x00000000d7380000,0x00000000d7380000,0x00000000d7500000)
 ParOldGen       total 86016K, used 85573K [0x0000000080000000, 0x0000000085400000, 0x00000000d5580000Event: 15.789 {heap After GC invocations=63 (full 3):
 PSYoungGen      total 32256K, used 0K [0x00000000d5580000, 0x00000000d7680000, 0x0000000100000000)
  eden space 30720K, 0% used [0x00000000d5580000,0x00000000d5580000,0x00000000d7380000)
  from space 1536K, 0% used [0x00000000d7500000,0x00000000d7500000,0x00000000d7680000)
  to   space 1536K, 0% used [0x00000000d7380000,0x00000000d7380000,0x00000000d7500000)
 ParOldGen       total 86016K, used 70503K [0x0000000080000000, 0x0000000085400000, 0x00000000d5580000)
  objEvent: 15.881 {heap Before GC invocations=64 (full 3):
 PSYoungGen      total 32256K, used 30720K [0x00000000d5580000, 0x00000000d7680000, 0x0000000100000000)
  eden space 30720K, 100% used [0x00000000d5580000,0x00000000d7380000,0x00000000d7380000)
  from space 1536K, 0% used [0x00000000d7500000,0x00000000d7500000,0x00000000d7680000)
  to   space 1536K, 0% used [0x00000000d7380000,0x00000000d7380000,0x00000000d7500000)
 ParOldGen       total 86016K, used 70503K [0x0000000080000000, 0x0000000085400000, 0x00000000d5580000Event: 15.883 {heap After GC invocations=64 (full 3):
 PSYoungGen      total 31744K, used 1527K [0x00000000d5580000, 0x00000000d7700000, 0x0000000100000000)
  eden space 30208K, 0% used [0x00000000d5580000,0x00000000d5580000,0x00000000d7300000)
  from space 1536K, 99% used [0x00000000d7380000,0x00000000d74fdd48,0x00000000d7500000)
  to   space 2048K, 0% used [0x00000000d7500000,0x00000000d7500000,0x00000000d7700000)
 ParOldGen       total 86016K, used 70798K [0x0000000080000000, 0x0000000085400000, 0x00000000d5580000)
 Event: 16.058 {heap Before GC invocations=65 (full 3):
 PSYoungGen      total 31744K, used 31735K [0x00000000d5580000, 0x00000000d7700000, 0x0000000100000000)
  eden space 30208K, 100% used [0x00000000d5580000,0x00000000d7300000,0x00000000d7300000)
  from space 1536K, 99% used [0x00000000d7380000,0x00000000d74fdd48,0x00000000d7500000)
  to   space 2048K, 0% used [0x00000000d7500000,0x00000000d7500000,0x00000000d7700000)
 ParOldGen       total 86016K, used 70798K [0x0000000080000000, 0x0000000085400000, 0x00000000d558000Event: 16.060 {heap After GC invocations=65 (full 3):
 PSYoungGen      total 32256K, used 1332K [0x00000000d5580000, 0x00000000d7680000, 0x0000000100000000)
  eden space 30720K, 0% used [0x00000000d5580000,0x00000000d5580000,0x00000000d7380000)
  from space 1536K, 86% used [0x00000000d7500000,0x00000000d764d000,0x00000000d7680000)
  to   space 1536K, 0% used [0x00000000d7380000,0x00000000d7380000,0x00000000d7500000)
 ParOldGen       total 86016K, used 71158K [0x0000000080000000, 0x0000000085400000, 0x00000000d5580000)
 Event: 16.204 {heap Before GC invocations=66 (full 3):
 PSYoungGen      total 32256K, used 32052K [0x00000000d5580000, 0x00000000d7680000, 0x0000000100000000)
  eden space 30720K, 100% used [0x00000000d5580000,0x00000000d7380000,0x00000000d7380000)
  from space 1536K, 86% used [0x00000000d7500000,0x00000000d764d000,0x00000000d7680000)
  to   space 1536K, 0% used [0x00000000d7380000,0x00000000d7380000,0x00000000d7500000)
 ParOldGen       total 86016K, used 71158K [0x0000000080000000, 0x0000000085400000, 0x00000000d558000Event: 16.206 {heap After GC invocations=66 (full 3):
 PSYoungGen      total 31744K, used 1526K [0x00000000d5580000, 0x00000000d7a00000, 0x0000000100000000)
  eden space 30208K, 0% used [0x00000000d5580000,0x00000000d5580000,0x00000000d7300000)
  from space 1536K, 99% used [0x00000000d7380000,0x00000000d74fd808,0x00000000d7500000)
  to   space 3584K, 0% used [0x00000000d7680000,0x00000000d7680000,0x00000000d7a00000)
 ParOldGen       total 86016K, used 72621K [0x0000000080000000, 0x0000000085400000, 0x00000000d5580000)
 Event: 16.561 {heap Before GC invocations=67 (full 3):
 PSYoungGen      total 31744K, used 31734K [0x00000000d5580000, 0x00000000d7a00000, 0x0000000100000000)
  eden space 30208K, 100% used [0x00000000d5580000,0x00000000d7300000,0x00000000d7300000)
  from space 1536K, 99% used [0x00000000d7380000,0x00000000d74fd808,0x00000000d7500000)
  to   space 3584K, 0% used [0x00000000d7680000,0x00000000d7680000,0x00000000d7a00000)
 ParOldGen       total 86016K, used 72621K [0x0000000080000000, 0x0000000085400000, 0x00000000d558000Event: 16.562 {heap After GC invocations=67 (full 3):
 PSYoungGen      total 31744K, used 1915K [0x00000000d5580000, 0x00000000d7880000, 0x0000000100000000)
  eden space 29696K, 0% used [0x00000000d5580000,0x00000000d5580000,0x00000000d7280000)
  from space 2048K, 93% used [0x00000000d7680000,0x00000000d785ec18,0x00000000d7880000)
  to   space 2560K, 0% used [0x00000000d7380000,0x00000000d7380000,0x00000000d7600000)
 ParOldGen       total 86016K, used 73999K [0x0000000080000000, 0x0000000085400000, 0x00000000d5580000)
 Event: 17.787 {heap Before GC invocations=68 (full 3):
 PSYoungGen      total 31744K, used 31611K [0x00000000d5580000, 0x00000000d7880000, 0x0000000100000000)
  eden space 29696K, 100% used [0x00000000d5580000,0x00000000d7280000,0x00000000d7280000)
  from space 2048K, 93% used [0x00000000d7680000,0x00000000d785ec18,0x00000000d7880000)
  to   space 2560K, 0% used [0x00000000d7380000,0x00000000d7380000,0x00000000d7600000)
 ParOldGen       total 86016K, used 73999K [0x0000000080000000, 0x0000000085400000, 0x00000000d558000Event: 17.790 {heap After GC invocations=68 (full 3):
 PSYoungGen      total 31744K, used 2549K [0x00000000d5580000, 0x00000000d7f00000, 0x0000000100000000)
  eden space 29184K, 0% used [0x00000000d5580000,0x00000000d5580000,0x00000000d7200000)
  from space 2560K, 99% used [0x00000000d7380000,0x00000000d75fd640,0x00000000d7600000)
  to   space 6656K, 0% used [0x00000000d7880000,0x00000000d7880000,0x00000000d7f00000)
 ParOldGen       total 86016K, used 77203K [0x0000000080000000, 0x0000000085400000, 0x00000000d5580000)
 Event: 18.938 {heap Before GC invocations=69 (full 3):
 PSYoungGen      total 31744K, used 31733K [0x00000000d5580000, 0x00000000d7f00000, 0x0000000100000000)
  eden space 29184K, 100% used [0x00000000d5580000,0x00000000d7200000,0x00000000d7200000)
  from space 2560K, 99% used [0x00000000d7380000,0x00000000d75fd640,0x00000000d7600000)
  to   space 6656K, 0% used [0x00000000d7880000,0x00000000d7880000,0x00000000d7f00000)
 ParOldGen       total 86016K, used 77203K [0x0000000080000000, 0x0000000085400000, 0x00000000d558000Event: 18.941 {heap After GC invocations=69 (full 3):
 PSYoungGen      total 32768K, used 3629K [0x00000000d5580000, 0x00000000d7c80000, 0x0000000100000000)
  eden space 28672K, 0% used [0x00000000d5580000,0x00000000d5580000,0x00000000d7180000)
  from space 4096K, 88% used [0x00000000d7880000,0x00000000d7c0b668,0x00000000d7c80000)
  to   space 4608K, 0% used [0x00000000d7380000,0x00000000d7380000,0x00000000d7800000)
 ParOldGen       total 86016K, used 77755K [0x0000000080000000, 0x0000000085400000, 0x00000000d5580000)
 Event: 105.275 {heap Before GC invocations=70 (full 3):
 PSYoungGen      total 32768K, used 32301K [0x00000000d5580000, 0x00000000d7c80000, 0x0000000100000000)
  eden space 28672K, 100% used [0x00000000d5580000,0x00000000d7180000,0x00000000d7180000)
  from space 4096K, 88% used [0x00000000d7880000,0x00000000d7c0b668,0x00000000d7c80000)
  to   space 4608K, 0% used [0x00000000d7380000,0x00000000d7380000,0x00000000d7800000)
 ParOldGen       total 86016K, used 77755K [0x0000000080000000, 0x0000000085400000, 0x00000000d558000Event: 105.326 {heap After GC invocations=70 (full 3):
 PSYoungGen      total 31744K, used 832K [0x00000000d5580000, 0x00000000d7900000, 0x0000000100000000)
  eden space 30720K, 0% used [0x00000000d5580000,0x00000000d5580000,0x00000000d7380000)
  from space 1024K, 81% used [0x00000000d7380000,0x00000000d74500a0,0x00000000d7480000)
  to   space 2048K, 0% used [0x00000000d7700000,0x00000000d7700000,0x00000000d7900000)
 ParOldGen       total 86016K, used 78464K [0x0000000080000000, 0x0000000085400000, 0x00000000d5580000)
  
Metaspace Usage History (20 events):
Event: 15.540 {metaspace Before GC invocations=61 (full 2):
 Metaspace       used 57259K, committed 58624K, reserved 1114112K
  class space    used 6293K, committed 6848K, reserved 1048576K
}
Event: 15.541 {metaspace After GC invocations=61 (full 2):
 Metaspace       used 57259K, committed 58624K, reserved 1114112K
  class space    used 6293K, committed 6848K, reserved 1048576K
}
Event: 15.609 {metaspace Before GC invocations=62 (full 2):
 Metaspace       used 57795K, committed 59136K, reserved 1114112K
  class space    used 6355K, committed 6912K, reserved 1048576K
}
Event: 15.610 {metaspace After GC invocations=62 (full 2):
 Metaspace       used 57795K, committed 59136K, reserved 1114112K
  class space    used 6355K, committed 6912K, reserved 1048576K
}
Event: 15.719 {metaspace Before GC invocations=63 (full 3):
 Metaspace       used 58502K, committed 59776K, reserved 1114112K
  class space    used 6435K, committed 6976K, reserved 1048576K
}
Event: 15.789 {metaspace After GC invocations=63 (full 3):
 Metaspace       used 58497K, committed 59776K, reserved 1114112K
  class space    used 6434K, committed 6976K, reserved 1048576K
}
Event: 15.881 {metaspace Before GC invocations=64 (full 3):
 Metaspace       used 58848K, committed 60224K, reserved 1114112K
  class space    used 6465K, committed 7040K, reserved 1048576K
}
Event: 15.883 {metaspace After GC invocations=64 (full 3):
 Metaspace       used 58848K, committed 60224K, reserved 1114112K
  class space    used 6465K, committed 7040K, reserved 1048576K
}
Event: 16.058 {metaspace Before GC invocations=65 (full 3):
 Metaspace       used 60328K, committed 61632K, reserved 1114112K
  class space    used 6601K, committed 7168K, reserved 1048576K
}
Event: 16.060 {metaspace After GC invocations=65 (full 3):
 Metaspace       used 60328K, committed 61632K, reserved 1114112K
  class space    used 6601K, committed 7168K, reserved 1048576K
}
Event: 16.204 {metaspace Before GC invocations=66 (full 3):
 Metaspace       used 61946K, committed 63360K, reserved 1114112K
  class space    used 6776K, committed 7360K, reserved 1048576K
}
Event: 16.206 {metaspace After GC invocations=66 (full 3):
 Metaspace       used 61946K, committed 63360K, reserved 1114112K
  class space    used 6776K, committed 7360K, reserved 1048576K
}
Event: 16.561 {metaspace Before GC invocations=67 (full 3):
 Metaspace       used 64240K, committed 65600K, reserved 1114112K
  class space    used 7032K, committed 7552K, reserved 1048576K
}
Event: 16.563 {metaspace After GC invocations=67 (full 3):
 Metaspace       used 64240K, committed 65600K, reserved 1114112K
  class space    used 7032K, committed 7552K, reserved 1048576K
}
Event: 17.787 {metaspace Before GC invocations=68 (full 3):
 Metaspace       used 66299K, committed 67648K, reserved 1114112K
  class space    used 7318K, committed 7872K, reserved 1048576K
}
Event: 17.790 {metaspace After GC invocations=68 (full 3):
 Metaspace       used 66299K, committed 67648K, reserved 1114112K
  class space    used 7318K, committed 7872K, reserved 1048576K
}
Event: 18.938 {metaspace Before GC invocations=69 (full 3):
 Metaspace       used 66836K, committed 68160K, reserved 1114112K
  class space    used 7398K, committed 7936K, reserved 1048576K
}
Event: 18.941 {metaspace After GC invocations=69 (full 3):
 Metaspace       used 66836K, committed 68160K, reserved 1114112K
  class space    used 7398K, committed 7936K, reserved 1048576K
}
Event: 105.276 {metaspace Before GC invocations=70 (full 3):
 Metaspace       used 67305K, committed 68736K, reserved 1114112K
  class space    used 7412K, committed 8000K, reserved 1048576K
}
Event: 105.326 {metaspace After GC invocations=70 (full 3):
 Metaspace       used 67305K, committed 68736K, reserved 1114112K
  class space    used 7412K, committed 8000K, reserved 1048576K
}

Dll operation events (10 events):
Event: 0.020 Loaded shared library C:\Program Files\Java\jdk-25.0.2\bin\java.dll
Event: 0.129 Loaded shared library C:\Program Files\Java\jdk-25.0.2\bin\zip.dll
Event: 0.135 Loaded shared library C:\Program Files\Java\jdk-25.0.2\bin\instrument.dll
Event: 0.141 Loaded shared library C:\Program Files\Java\jdk-25.0.2\bin\net.dll
Event: 0.149 Loaded shared library C:\Program Files\Java\jdk-25.0.2\bin\nio.dll
Event: 0.154 Loaded shared library C:\Program Files\Java\jdk-25.0.2\bin\zip.dll
Event: 0.189 Loaded shared library C:\Program Files\Java\jdk-25.0.2\bin\jimage.dll
Event: 0.300 Loaded shared library C:\Program Files\Java\jdk-25.0.2\bin\verify.dll
Event: 2.241 Loaded shared library C:\Users\ACER\AppData\Roaming\Code\User\globalStorage\redhat.java\1.54.0\config_win\org.eclipse.equinox.launcher\org.eclipse.equinox.launcher.win32.win32.x86_64_1.3.0.v20260203-2149\eclipse_11919.dll
Event: 8.224 Loaded shared library C:\Users\ACER\AppData\Local\Temp\jna-2003023\jna13615598083679962609.dll

Deoptimization events (20 events):
Event: 31.707 Thread 0x00000241bb93fab0 Uncommon trap: trap_request=0xffffff45 fr.pc=0x00000241ab529bf8 relative=0x00000000000000f8
Event: 31.707 Thread 0x00000241bb93fab0 Uncommon trap: reason=unstable_if action=reinterpret pc=0x00000241ab529bf8 method=java.lang.StringCoding.countNonZeroAsciiLatin1([BII)I @ 17 c2
Event: 31.707 Thread 0x00000241bb93fab0 DEOPT PACKING pc=0x00000241ab529bf8 sp=0x00000063fdefed80
Event: 31.707 Thread 0x00000241bb93fab0 DEOPT UNPACKING pc=0x00000241aaf74b02 sp=0x00000063fdefec38 mode 2
Event: 31.707 Thread 0x00000241bb93fab0 Uncommon trap: trap_request=0xffffff45 fr.pc=0x00000241ab529e5c relative=0x000000000000005c
Event: 31.707 Thread 0x00000241bb93fab0 Uncommon trap: reason=unstable_if action=reinterpret pc=0x00000241ab529e5c method=jdk.internal.util.ModifiedUtf.utfLen(Ljava/lang/String;I)I @ 11 c2
Event: 31.707 Thread 0x00000241bb93fab0 DEOPT PACKING pc=0x00000241ab529e5c sp=0x00000063fdefed70
Event: 31.707 Thread 0x00000241bb93fab0 DEOPT UNPACKING pc=0x00000241aaf74b02 sp=0x00000063fdefed00 mode 2
Event: 31.708 Thread 0x00000241bb93fab0 Uncommon trap: trap_request=0xffffff45 fr.pc=0x00000241ab40f3fc relative=0x00000000000000fc
Event: 31.708 Thread 0x00000241bb93fab0 Uncommon trap: reason=unstable_if action=reinterpret pc=0x00000241ab40f3fc method=java.lang.StringCoding.countNonZeroAsciiLatin1([BII)I @ 17 c2
Event: 31.708 Thread 0x00000241bb93fab0 DEOPT PACKING pc=0x00000241ab40f3fc sp=0x00000063fdefed00
Event: 31.708 Thread 0x00000241bb93fab0 DEOPT UNPACKING pc=0x00000241aaf74b02 sp=0x00000063fdefec88 mode 2
Event: 105.224 Thread 0x00000241bb860890 Uncommon trap: trap_request=0xffffff45 fr.pc=0x00000241ab8f288c relative=0x000000000000128c
Event: 105.224 Thread 0x00000241bb860890 Uncommon trap: reason=unstable_if action=reinterpret pc=0x00000241ab8f288c method=org.eclipse.jdt.core.dom.ASTNode$NodeList.newCursor()Lorg/eclipse/jdt/core/dom/ASTNode$NodeList$Cursor; @ 8 c2
Event: 105.224 Thread 0x00000241bb860890 DEOPT PACKING pc=0x00000241ab8f288c sp=0x00000063803feda0
Event: 105.224 Thread 0x00000241bb860890 DEOPT UNPACKING pc=0x00000241aaf74b02 sp=0x00000063803fed18 mode 2
Event: 105.225 Thread 0x00000241bb860890 Uncommon trap: trap_request=0xffffff45 fr.pc=0x00000241ab8c3e64 relative=0x00000000000004e4
Event: 105.226 Thread 0x00000241bb860890 Uncommon trap: reason=unstable_if action=reinterpret pc=0x00000241ab8c3e64 method=org.eclipse.jdt.core.dom.ASTNode$NodeList.releaseCursor(Lorg/eclipse/jdt/core/dom/ASTNode$NodeList$Cursor;)V @ 24 c2
Event: 105.226 Thread 0x00000241bb860890 DEOPT PACKING pc=0x00000241ab8c3e64 sp=0x00000063803fed40
Event: 105.226 Thread 0x00000241bb860890 DEOPT UNPACKING pc=0x00000241aaf74b02 sp=0x00000063803fed18 mode 2

Classes loaded (20 events):
Event: 16.536 Loading class java/util/AbstractList$SubList$1
Event: 16.536 Loading class java/util/AbstractList$SubList$1 done
Event: 16.554 Loading class java/util/stream/ReferencePipeline$4
Event: 16.554 Loading class java/util/stream/ReferencePipeline$4 done
Event: 16.554 Loading class java/util/stream/Nodes$IntFixedNodeBuilder
Event: 16.556 Loading class java/util/stream/Node$Builder$OfInt
Event: 16.556 Loading class java/util/stream/Node$Builder$OfInt done
Event: 16.556 Loading class java/util/stream/Nodes$IntArrayNode
Event: 16.556 Loading class java/util/stream/Nodes$IntArrayNode done
Event: 16.556 Loading class java/util/stream/Nodes$IntFixedNodeBuilder done
Event: 16.556 Loading class java/util/stream/ReferencePipeline$4$1
Event: 16.556 Loading class java/util/stream/ReferencePipeline$4$1 done
Event: 16.662 Loading class java/util/regex/Pattern$Behind
Event: 16.662 Loading class java/util/regex/Pattern$Behind done
Event: 16.662 Loading class java/util/regex/Pattern$Neg
Event: 16.662 Loading class java/util/regex/Pattern$Neg done
Event: 17.888 Loading class java/nio/file/Files$2
Event: 17.888 Loading class java/nio/file/Files$2 done
Event: 31.762 Loading class sun/nio/cs/ISO_8859_1$Encoder
Event: 31.762 Loading class sun/nio/cs/ISO_8859_1$Encoder done

Classes unloaded (10 events):
Event: 9.658 Thread 0x000002419b130be0 Unloading class 0x000000001b193c00 'java/lang/invoke/LambdaForm$MH+0x000000001b193c00'
Event: 9.658 Thread 0x000002419b130be0 Unloading class 0x000000001b193800 'java/lang/invoke/LambdaForm$MH+0x000000001b193800'
Event: 9.658 Thread 0x000002419b130be0 Unloading class 0x000000001b193400 'java/lang/invoke/LambdaForm$MH+0x000000001b193400'
Event: 9.658 Thread 0x000002419b130be0 Unloading class 0x000000001b193000 'java/lang/invoke/LambdaForm$MH+0x000000001b193000'
Event: 9.658 Thread 0x000002419b130be0 Unloading class 0x000000001b192c00 'java/lang/invoke/LambdaForm$BMH+0x000000001b192c00'
Event: 9.658 Thread 0x000002419b130be0 Unloading class 0x000000001b192800 'java/lang/invoke/LambdaForm$DMH+0x000000001b192800'
Event: 9.658 Thread 0x000002419b130be0 Unloading class 0x000000001b191000 'java/lang/invoke/LambdaForm$DMH+0x000000001b191000'
Event: 15.731 Thread 0x000002419b130be0 Unloading class 0x000000001b6c8c00 'java/lang/invoke/LambdaForm$DMH+0x000000001b6c8c00'
Event: 15.731 Thread 0x000002419b130be0 Unloading class 0x000000001b6c8000 'java/lang/invoke/LambdaForm$DMH+0x000000001b6c8000'
Event: 15.731 Thread 0x000002419b130be0 Unloading class 0x000000001b6b0000 'java/lang/invoke/LambdaForm$DMH+0x000000001b6b0000'

Classes redefined (0 events):
No events

Internal exceptions (20 events):
Event: 16.508 Thread 0x00000241bc117840 Exception <a 'java/io/IOException'{0x00000000d6e34ac8}> (0x00000000d6e34ac8) 
thrown [s\open\src\hotspot\share\prims\jni.cpp, line 516]
Event: 16.561 Thread 0x00000241bba81810 Exception <a 'java/lang/NoSuchMethodError'{0x00000000d72ff208}: 'java.lang.Object java.lang.invoke.DirectMethodHandle$Holder.invokeStatic(java.lang.Object, java.lang.Object, int, java.lang.Object)'> (0x00000000d72ff208) 
thrown [s\open\src\hotspot\share\interpreter\linkResolver.cpp, line 804]
Event: 16.563 Thread 0x00000241bba81810 Exception <a 'java/lang/NoSuchMethodError'{0x00000000d55bb3e8}: 'java.lang.Object java.lang.invoke.DirectMethodHandle$Holder.newInvokeSpecial(java.lang.Object, java.lang.Object, int)'> (0x00000000d55bb3e8) 
thrown [s\open\src\hotspot\share\interpreter\linkResolver.cpp, line 804]
Event: 16.633 Thread 0x00000241bc11aa30 Exception <a 'java/lang/NoSuchMethodError'{0x00000000d5aaf650}: 'void java.lang.invoke.DirectMethodHandle$Holder.invokeSpecial(java.lang.Object, java.lang.Object, int)'> (0x00000000d5aaf650) 
thrown [s\open\src\hotspot\share\interpreter\linkResolver.cpp, line 804]
Event: 17.904 Thread 0x00000241bb860890 Implicit null exception at 0x00000241ab837467 to 0x00000241ab838220
Event: 18.374 Thread 0x00000241bba827b0 Exception <a 'sun/nio/fs/WindowsException'{0x00000000d65ce8d8}> (0x00000000d65ce8d8) 
thrown [s\open\src\hotspot\share\prims\jni.cpp, line 516]
Event: 18.374 Thread 0x00000241bba827b0 Exception <a 'sun/nio/fs/WindowsException'{0x00000000d65cf158}> (0x00000000d65cf158) 
thrown [s\open\src\hotspot\share\prims\jni.cpp, line 516]
Event: 18.377 Thread 0x00000241bba827b0 Exception <a 'sun/nio/fs/WindowsException'{0x00000000d65f9220}> (0x00000000d65f9220) 
thrown [s\open\src\hotspot\share\prims\jni.cpp, line 516]
Event: 18.377 Thread 0x00000241bba827b0 Exception <a 'sun/nio/fs/WindowsException'{0x00000000d65f9aa8}> (0x00000000d65f9aa8) 
thrown [s\open\src\hotspot\share\prims\jni.cpp, line 516]
Event: 18.388 Thread 0x00000241bba827b0 Exception <a 'java/lang/NoSuchMethodError'{0x00000000d6638dd0}: 'java.lang.Object java.lang.invoke.DelegatingMethodHandle$Holder.reinvoke_L(java.lang.Object, java.lang.Object, java.lang.Object, java.lang.Object, int, int)'> (0x00000000d6638dd0) 
thrown [s\open\src\hotspot\share\interpreter\linkResolver.cpp, line 804]
Event: 18.643 Thread 0x00000241bde6cdc0 Exception <a 'java/lang/IncompatibleClassChangeError'{0x00000000d651c310}: Found class java.lang.Object, but interface was expected> (0x00000000d651c310) 
thrown [s\open\src\hotspot\share\interpreter\linkResolver.cpp, line 871]
Event: 18.649 Thread 0x00000241bb860890 Exception <a 'java/lang/ArrayIndexOutOfBoundsException'{0x00000000d6777c20}> (0x00000000d6777c20) 
thrown [s\open\src\hotspot\share\runtime\sharedRuntime.cpp, line 681]
Event: 18.839 Thread 0x00000241bde6cdc0 Exception <a 'java/lang/IncompatibleClassChangeError'{0x00000000d67e52e8}: Found class java.lang.Object, but interface was expected> (0x00000000d67e52e8) 
thrown [s\open\src\hotspot\share\interpreter\linkResolver.cpp, line 871]
Event: 18.848 Thread 0x00000241bc117840 Exception <a 'java/lang/NoSuchMethodError'{0x00000000d68d7880}: 'java.lang.Object java.lang.invoke.DirectMethodHandle$Holder.invokeSpecial(java.lang.Object, java.lang.Object, java.lang.Object, java.lang.Object, int, java.lang.Object, java.lang.Object)'> (0x00000000d68d7880) 
thrown [s\open\src\hotspot\share\interpreter\linkResolver.cpp, line 804]
Event: 20.097 Thread 0x00000241bb860890 Exception <a 'java/lang/ArrayIndexOutOfBoundsException'{0x00000000d60abe60}> (0x00000000d60abe60) 
thrown [s\open\src\hotspot\share\runtime\sharedRuntime.cpp, line 681]
Event: 26.627 Thread 0x00000241bc11d140 Exception <a 'java/lang/ArrayIndexOutOfBoundsException'{0x00000000d63b8d08}> (0x00000000d63b8d08) 
thrown [s\open\src\hotspot\share\runtime\sharedRuntime.cpp, line 681]
Event: 31.120 Thread 0x00000241bba827b0 Exception <a 'sun/nio/fs/WindowsException'{0x00000000d671c9f0}> (0x00000000d671c9f0) 
thrown [s\open\src\hotspot\share\prims\jni.cpp, line 516]
Event: 31.120 Thread 0x00000241bba827b0 Exception <a 'sun/nio/fs/WindowsException'{0x00000000d671d030}> (0x00000000d671d030) 
thrown [s\open\src\hotspot\share\prims\jni.cpp, line 516]
Event: 31.122 Thread 0x00000241bba827b0 Exception <a 'sun/nio/fs/WindowsException'{0x00000000d673c738}> (0x00000000d673c738) 
thrown [s\open\src\hotspot\share\prims\jni.cpp, line 516]
Event: 31.122 Thread 0x00000241bba827b0 Exception <a 'sun/nio/fs/WindowsException'{0x00000000d673cd78}> (0x00000000d673cd78) 
thrown [s\open\src\hotspot\share\prims\jni.cpp, line 516]

VM Operations (20 events):
Event: 17.718 Executing non-safepoint VM operation: HandshakeAllThreads (Deoptimize)
Event: 17.719 Executing non-safepoint VM operation: HandshakeAllThreads (Deoptimize) done
Event: 17.787 Executing safepoint VM operation: ParallelCollectForAllocation (Allocation Failure)
Event: 17.790 Executing safepoint VM operation: ParallelCollectForAllocation (Allocation Failure) done
Event: 17.876 Executing non-safepoint VM operation: HandshakeAllThreads (Deoptimize)
Event: 17.877 Executing non-safepoint VM operation: HandshakeAllThreads (Deoptimize) done
Event: 17.879 Executing non-safepoint VM operation: HandshakeAllThreads (Deoptimize)
Event: 17.879 Executing non-safepoint VM operation: HandshakeAllThreads (Deoptimize) done
Event: 18.938 Executing safepoint VM operation: ParallelCollectForAllocation (Allocation Failure)
Event: 18.941 Executing safepoint VM operation: ParallelCollectForAllocation (Allocation Failure) done
Event: 60.101 Executing non-safepoint VM operation: HandshakeAllThreads (HandshakeForDeflation)
Event: 60.101 Executing non-safepoint VM operation: HandshakeAllThreads (HandshakeForDeflation) done
Event: 60.101 Executing non-safepoint VM operation: RendezvousGCThreads
Event: 60.101 Executing non-safepoint VM operation: RendezvousGCThreads done
Event: 105.274 Executing safepoint VM operation: ParallelCollectForAllocation (Allocation Failure)
Event: 105.326 Executing safepoint VM operation: ParallelCollectForAllocation (Allocation Failure) done
Event: 120.320 Executing non-safepoint VM operation: HandshakeAllThreads (HandshakeForDeflation)
Event: 120.320 Executing non-safepoint VM operation: HandshakeAllThreads (HandshakeForDeflation) done
Event: 120.320 Executing non-safepoint VM operation: RendezvousGCThreads
Event: 120.320 Executing non-safepoint VM operation: RendezvousGCThreads done

Memory protections (0 events):
No events

Nmethod flushes (20 events):
Event: 15.749 Thread 0x000002419b130be0 flushing  nmethod 0x00000241a4064088
Event: 15.749 Thread 0x000002419b130be0 flushing  nmethod 0x00000241a4065008
Event: 15.749 Thread 0x000002419b130be0 flushing  nmethod 0x00000241a406a188
Event: 15.749 Thread 0x000002419b130be0 flushing  nmethod 0x00000241a406e308
Event: 15.749 Thread 0x000002419b130be0 flushing  nmethod 0x00000241a4074888
Event: 15.749 Thread 0x000002419b130be0 flushing  nmethod 0x00000241a407e188
Event: 15.749 Thread 0x000002419b130be0 flushing  nmethod 0x00000241a407f688
Event: 15.749 Thread 0x000002419b130be0 flushing  nmethod 0x00000241a4099508
Event: 15.749 Thread 0x000002419b130be0 flushing osr nmethod 0x00000241a40c0208
Event: 15.749 Thread 0x000002419b130be0 flushing  nmethod 0x00000241a40e4c88
Event: 15.749 Thread 0x000002419b130be0 flushing  nmethod 0x00000241a40e6288
Event: 15.749 Thread 0x000002419b130be0 flushing  nmethod 0x00000241a40e7688
Event: 15.749 Thread 0x000002419b130be0 flushing  nmethod 0x00000241a40e9188
Event: 15.749 Thread 0x000002419b130be0 flushing  nmethod 0x00000241a40e9908
Event: 15.749 Thread 0x000002419b130be0 flushing  nmethod 0x00000241a40ebc08
Event: 15.749 Thread 0x000002419b130be0 flushing  nmethod 0x00000241a40f1288
Event: 15.749 Thread 0x000002419b130be0 flushing  nmethod 0x00000241a40f1588
Event: 15.749 Thread 0x000002419b130be0 flushing  nmethod 0x00000241a40f1908
Event: 15.749 Thread 0x000002419b130be0 flushing  nmethod 0x00000241a4132b08
Event: 15.749 Thread 0x000002419b130be0 flushing  nmethod 0x00000241a413d688

Events (20 events):
Event: 18.642 Thread 0x00000241c0c4fef0 Thread exited: 0x00000241c0c4fef0
Event: 18.665 Thread 0x000002419b0b0a60 Thread added: 0x00000241c0c4fef0
Event: 18.665 Thread 0x000002419b0b0a60 Thread added: 0x00000241c0c56fd0
Event: 19.417 Thread 0x00000241c0c56fd0 Thread exited: 0x00000241c0c56fd0
Event: 24.422 Thread 0x00000241c0c4fef0 Thread exited: 0x00000241c0c4fef0
Event: 26.127 Thread 0x000002419b0b0a60 Thread added: 0x00000241c0c4fef0
Event: 26.624 Thread 0x00000241c0c4fef0 Thread exited: 0x00000241c0c4fef0
Event: 31.018 Thread 0x000002419b0b0a60 Thread added: 0x00000241c0c4fef0
Event: 31.018 Thread 0x000002419b0b0a60 Thread added: 0x00000241c0c577e0
Event: 31.121 Thread 0x00000241c0c577e0 Thread exited: 0x00000241c0c577e0
Event: 31.126 Thread 0x00000241c0c4fef0 Thread exited: 0x00000241c0c4fef0
Event: 31.729 Thread 0x000002419b0b0a60 Thread added: 0x00000241c0c557a0
Event: 32.020 Thread 0x00000241c0c557a0 Thread exited: 0x00000241c0c557a0
Event: 39.431 Thread 0x000002419b0b0a60 Thread added: 0x00000241c0c557a0
Event: 39.879 Thread 0x00000241c0c557a0 Thread exited: 0x00000241c0c557a0
Event: 39.900 Thread 0x000002419b0b0a60 Thread added: 0x00000241c0c57ff0
Event: 44.445 Thread 0x00000241c0c57ff0 Thread exited: 0x00000241c0c57ff0
Event: 91.390 Thread 0x00000241bba81810 Thread exited: 0x00000241bba81810
Event: 106.429 Thread 0x000002419b0b0a60 Thread added: 0x00000241c0c59010
Event: 113.559 Thread 0x00000241c0c59010 Thread exited: 0x00000241c0c59010


Dynamic libraries:
0x00007ff7364c0000 - 0x00007ff7364d0000 	C:\Program Files\Java\jdk-25.0.2\bin\java.exe
0x00007ffd43460000 - 0x00007ffd436c7000 	C:\WINDOWS\SYSTEM32\ntdll.dll
0x00007ffd42290000 - 0x00007ffd42359000 	C:\WINDOWS\System32\KERNEL32.DLL
0x00007ffd40cc0000 - 0x00007ffd410b4000 	C:\WINDOWS\System32\KERNELBASE.dll
0x00007ffd3fd30000 - 0x00007ffd3fe7b000 	C:\WINDOWS\System32\ucrtbase.dll
0x00007ffc689e0000 - 0x00007ffc689f7000 	C:\Program Files\Java\jdk-25.0.2\bin\jli.dll
0x00007ffd426f0000 - 0x00007ffd428b5000 	C:\WINDOWS\System32\USER32.dll
0x00007ffd40170000 - 0x00007ffd40197000 	C:\WINDOWS\System32\win32u.dll
0x00007ffd429d0000 - 0x00007ffd429fb000 	C:\WINDOWS\System32\GDI32.dll
0x00007ffc690a0000 - 0x00007ffc690be000 	C:\Program Files\Java\jdk-25.0.2\bin\VCRUNTIME140.dll
0x00007ffd410c0000 - 0x00007ffd411eb000 	C:\WINDOWS\System32\gdi32full.dll
0x00007ffd40b80000 - 0x00007ffd40c23000 	C:\WINDOWS\System32\msvcp_win.dll
0x00007ffd29870000 - 0x00007ffd29b03000 	C:\WINDOWS\WinSxS\amd64_microsoft.windows.common-controls_6595b64144ccf1df_6.0.26100.8115_none_3e075c82e3354f9c\COMCTL32.dll
0x00007ffd41a00000 - 0x00007ffd41aa9000 	C:\WINDOWS\System32\msvcrt.dll
0x00007ffd419c0000 - 0x00007ffd419f2000 	C:\WINDOWS\System32\IMM32.DLL
0x00007ffcaac40000 - 0x00007ffcaac4c000 	C:\Program Files\Java\jdk-25.0.2\bin\vcruntime140_1.dll
0x00007ffc68950000 - 0x00007ffc689dd000 	C:\Program Files\Java\jdk-25.0.2\bin\msvcp140.dll
0x00007ffc690c0000 - 0x00007ffc69f1f000 	C:\Program Files\Java\jdk-25.0.2\bin\server\jvm.dll
0x00007ffd43280000 - 0x00007ffd43336000 	C:\WINDOWS\System32\ADVAPI32.dll
0x00007ffd41380000 - 0x00007ffd41427000 	C:\WINDOWS\System32\sechost.dll
0x00007ffd425d0000 - 0x00007ffd426e8000 	C:\WINDOWS\System32\RPCRT4.dll
0x00007ffd41270000 - 0x00007ffd412f0000 	C:\WINDOWS\System32\WS2_32.dll
0x00007ffd3fbb0000 - 0x00007ffd3fc0e000 	C:\WINDOWS\SYSTEM32\POWRPROF.dll
0x00007ffd35670000 - 0x00007ffd356a6000 	C:\WINDOWS\SYSTEM32\WINMM.dll
0x00007ffd37570000 - 0x00007ffd3757b000 	C:\WINDOWS\SYSTEM32\VERSION.dll
0x00007ffd3fb90000 - 0x00007ffd3fba4000 	C:\WINDOWS\SYSTEM32\UMPDC.dll
0x00007ffd3ea90000 - 0x00007ffd3eaab000 	C:\WINDOWS\SYSTEM32\kernel.appcore.dll
0x00007ffca8d40000 - 0x00007ffca8d4a000 	C:\Program Files\Java\jdk-25.0.2\bin\jimage.dll
0x00007ffd37120000 - 0x00007ffd37362000 	C:\WINDOWS\SYSTEM32\DBGHELP.DLL
0x00007ffd42d80000 - 0x00007ffd43102000 	C:\WINDOWS\System32\combase.dll
0x00007ffd423b0000 - 0x00007ffd42488000 	C:\WINDOWS\System32\OLEAUT32.dll
0x00007ffd27b30000 - 0x00007ffd27b6b000 	C:\WINDOWS\SYSTEM32\dbgcore.DLL
0x00007ffd401a0000 - 0x00007ffd40245000 	C:\WINDOWS\System32\bcryptPrimitives.dll
0x00007ffc68a20000 - 0x00007ffc68a30000 	C:\Program Files\Java\jdk-25.0.2\bin\instrument.dll
0x00007ffc69040000 - 0x00007ffc6905f000 	C:\Program Files\Java\jdk-25.0.2\bin\java.dll
0x00007ffd42a00000 - 0x00007ffd42b97000 	C:\WINDOWS\System32\ole32.dll
0x00007ffd41ab0000 - 0x00007ffd42217000 	C:\WINDOWS\System32\SHELL32.dll
0x00007ffd40000000 - 0x00007ffd4016a000 	C:\WINDOWS\System32\wintypes.dll
0x00007ffd40250000 - 0x00007ffd40ab8000 	C:\WINDOWS\System32\windows.storage.dll
0x00007ffd424d0000 - 0x00007ffd425c8000 	C:\WINDOWS\System32\SHCORE.dll
0x00007ffd42220000 - 0x00007ffd42286000 	C:\WINDOWS\System32\shlwapi.dll
0x00007ffd3fc50000 - 0x00007ffd3fc79000 	C:\WINDOWS\SYSTEM32\profapi.dll
0x00007ffc68fe0000 - 0x00007ffc68ff7000 	C:\Program Files\Java\jdk-25.0.2\bin\zip.dll
0x00007ffc69020000 - 0x00007ffc69032000 	C:\Program Files\Java\jdk-25.0.2\bin\net.dll
0x00007ffd3f010000 - 0x00007ffd3f07c000 	C:\WINDOWS\system32\mswsock.dll
0x00007ffc69000000 - 0x00007ffc69016000 	C:\Program Files\Java\jdk-25.0.2\bin\nio.dll
0x00007ffc9e4b0000 - 0x00007ffc9e4c0000 	C:\Program Files\Java\jdk-25.0.2\bin\verify.dll
0x00007ffc811d0000 - 0x00007ffc81215000 	C:\Users\ACER\AppData\Roaming\Code\User\globalStorage\redhat.java\1.54.0\config_win\org.eclipse.equinox.launcher\org.eclipse.equinox.launcher.win32.win32.x86_64_1.3.0.v20260203-2149\eclipse_11919.dll
0x00007ffd3f310000 - 0x00007ffd3f32b000 	C:\WINDOWS\SYSTEM32\CRYPTSP.dll
0x00007ffd3e9f0000 - 0x00007ffd3ea29000 	C:\WINDOWS\system32\rsaenh.dll
0x00007ffd3f0c0000 - 0x00007ffd3f0f3000 	C:\WINDOWS\SYSTEM32\USERENV.dll
0x00007ffd3fc20000 - 0x00007ffd3fc4a000 	C:\WINDOWS\SYSTEM32\bcrypt.dll
0x00007ffd3f330000 - 0x00007ffd3f33c000 	C:\WINDOWS\SYSTEM32\CRYPTBASE.dll
0x00007ffd3e460000 - 0x00007ffd3e492000 	C:\WINDOWS\SYSTEM32\IPHLPAPI.DLL
0x00007ffd41360000 - 0x00007ffd4136a000 	C:\WINDOWS\System32\NSI.dll
0x00007ffd36d60000 - 0x00007ffd36da9000 	C:\Users\ACER\AppData\Local\Temp\jna-2003023\jna13615598083679962609.dll
0x00007ffd41370000 - 0x00007ffd41378000 	C:\WINDOWS\System32\PSAPI.DLL
0x00007ffd38d30000 - 0x00007ffd38e5d000 	C:\WINDOWS\SYSTEM32\winhttp.dll
0x00007ffd394a0000 - 0x00007ffd394bd000 	C:\WINDOWS\SYSTEM32\dhcpcsvc6.DLL
0x00007ffd38b80000 - 0x00007ffd38ba5000 	C:\WINDOWS\SYSTEM32\dhcpcsvc.DLL

JVMTI agents:
c:\Users\ACER\.vscode\extensions\redhat.java-1.54.0-win32-x64\lombok\lombok-1.18.39-4050.jar path:C:\Program Files\Java\jdk-25.0.2\bin\instrument.dll, loaded, initialized, instrumentlib options:none

dbghelp: loaded successfully - version: 4.0.5 - missing functions: none
symbol engine: initialized successfully - sym options: 0x614 - pdb path: .;C:\Program Files\Java\jdk-25.0.2\bin;C:\WINDOWS\SYSTEM32;C:\WINDOWS\WinSxS\amd64_microsoft.windows.common-controls_6595b64144ccf1df_6.0.26100.8115_none_3e075c82e3354f9c;C:\Program Files\Java\jdk-25.0.2\bin\server;C:\Users\ACER\AppData\Roaming\Code\User\globalStorage\redhat.java\1.54.0\config_win\org.eclipse.equinox.launcher\org.eclipse.equinox.launcher.win32.win32.x86_64_1.3.0.v20260203-2149;C:\Users\ACER\AppData\Local\Temp\jna-2003023

VM Arguments:
jvm_args: -Djdk.xml.maxGeneralEntitySizeLimit=0 -Djdk.xml.totalEntitySizeLimit=0 --add-modules=ALL-SYSTEM --add-opens=java.base/java.util=ALL-UNNAMED --add-opens=java.base/java.lang=ALL-UNNAMED --add-opens=java.base/sun.nio.fs=ALL-UNNAMED -Declipse.application=org.eclipse.jdt.ls.core.id1 -Dosgi.bundles.defaultStartLevel=4 -Declipse.product=org.eclipse.jdt.ls.core.product -Djava.import.generatesMetadataFilesAtProjectRoot=false -DDetectVMInstallationsJob.disabled=true -Dfile.encoding=utf8 -XX:+UseParallelGC -XX:GCTimeRatio=4 -XX:AdaptiveSizePolicyWeight=90 -Dsun.zip.disableMemoryMapping=true -Xmx2G -Xms100m -Xlog:disable -javaagent:c:\Users\ACER\.vscode\extensions\redhat.java-1.54.0-win32-x64\lombok\lombok-1.18.39-4050.jar -XX:+HeapDumpOnOutOfMemoryError -XX:HeapDumpPath=c:\Users\ACER\AppData\Roaming\Code\User\workspaceStorage\e8706cca0626decdf435af984f95c784\redhat.java -Daether.dependencyCollector.impl=bf 
java_command: c:\Users\ACER\.vscode\extensions\redhat.java-1.54.0-win32-x64\server\plugins\org.eclipse.equinox.launcher_1.7.100.v20251111-0406.jar -configuration c:\Users\ACER\AppData\Roaming\Code\User\globalStorage\redhat.java\1.54.0\config_win -data c:\Users\ACER\AppData\Roaming\Code\User\workspaceStorage\e8706cca0626decdf435af984f95c784\redhat.java\jdt_ws --pipe=\\.\pipe\lsp-ac9d4af45e7b175ae0475cc0a604256c-sock
java_class_path (initial): c:\Users\ACER\.vscode\extensions\redhat.java-1.54.0-win32-x64\server\plugins\org.eclipse.equinox.launcher_1.7.100.v20251111-0406.jar
Launcher Type: SUN_STANDARD

[Global flags]
     uint AdaptiveSizePolicyWeight                 = 90                                        {product} {command line}
     intx CICompilerCount                          = 4                                         {product} {ergonomic}
     uint GCTimeRatio                              = 4                                         {product} {command line}
     bool HeapDumpOnOutOfMemoryError               = true                                   {manageable} {command line}
    ccstr HeapDumpPath                             = c:\Users\ACER\AppData\Roaming\Code\User\workspaceStorage\e8706cca0626decdf435af984f95c784\redhat.java         {manageable} {command line}
   size_t InitialHeapSize                          = 104857600                                 {product} {command line}
   size_t MaxHeapSize                              = 2147483648                                {product} {command line}
   size_t MaxNewSize                               = 715653120                                 {product} {ergonomic}
   size_t MinHeapDeltaBytes                        = 524288                                    {product} {ergonomic}
   size_t MinHeapSize                              = 104857600                                 {product} {command line}
   size_t NewSize                                  = 34603008                                  {product} {ergonomic}
    uintx NonNMethodCodeHeapSize                   = 5832704                                {pd product} {ergonomic}
    uintx NonProfiledCodeHeapSize                  = 122945536                              {pd product} {ergonomic}
    uintx ProfiledCodeHeapSize                     = 122880000                              {pd product} {ergonomic}
    uintx ReservedCodeCacheSize                    = 251658240                              {pd product} {ergonomic}
     bool SegmentedCodeCache                       = true                                      {product} {ergonomic}
   size_t SoftMaxHeapSize                          = 2147483648                             {manageable} {ergonomic}
     bool UseCompressedOops                        = true                           {product lp64_product} {ergonomic}
     bool UseLargePagesIndividualAllocation        = false                                  {pd product} {ergonomic}
     bool UseParallelGC                            = true                                      {product} {command line}

Logging:
Log output configuration:
 #0: stdout all=off uptime,level,tags foldmultilines=false
 #1: stderr all=off uptime,level,tags foldmultilines=false

Release file:
IMPLEMENTOR="Oracle Corporation" 
JAVA_RUNTIME_VERSION="25.0.2+10-LTS-69" 
JAVA_VERSION="25.0.2" 
JAVA_VERSION_DATE="2026-01-20" 
LIBC="default" 
MODULES="java.base java.compiler java.datatransfer java.xml java.prefs java.desktop java.instrument java.logging java.management java.security.sasl java.naming java.rmi java.management.rmi java.net.http java.scripting java.security.jgss java.transaction.xa java.sql java.sql.rowset java.xml.crypto java.se java.smartcardio jdk.accessibility jdk.internal.jvmstat jdk.attach jdk.charsets jdk.internal.opt jdk.zipfs jdk.compiler jdk.crypto.cryptoki jdk.crypto.ec jdk.crypto.mscapi jdk.dynalink jdk.internal.ed jdk.editpad jdk.internal.vm.ci jdk.graal.compiler jdk.graal.compiler.management jdk.hotspot.agent jdk.httpserver jdk.incubator.vector jdk.internal.le jdk.internal.md jdk.jartool jdk.javadoc jdk.jcmd jdk.management jdk.management.agent jdk.jconsole jdk.jdeps jdk.jdwp.agent jdk.jdi jdk.jfr jdk.jlink jdk.jpackage jdk.jshell jdk.jsobject jdk.jstatd jdk.localedata jdk.management.jfr jdk.naming.dns jdk.naming.rmi jdk.net jdk.nio.mapmode jdk.sctp jdk.security.auth jdk.security.jgss jdk.unsupported jdk.unsupported.desktop jdk.xml.dom" 
OS_ARCH="x86_64" 
OS_NAME="Windows" 
SOURCE=".:git:b75efb40c93a open:git:405a5699ebd0" 

Environment Variables:
JAVA_HOME=C:\Program Files\Java\jdk-25.0.2
PATH=D:\Users\ACER\AppData\Local\Programs\Microsoft VS Code;C:\Program Files\Common Files\Oracle\Java\javapath;C:\Windows\system32;C:\Windows;C:\Windows\System32\Wbem;C:\Windows\System32\WindowsPowerShell\v1.0\;C:\Windows\System32\OpenSSH\;C:\WINDOWS\system32;C:\WINDOWS;C:\WINDOWS\System32\Wbem;C:\WINDOWS\System32\WindowsPowerShell\v1.0\;C:\WINDOWS\System32\OpenSSH\;C:\Program Files (x86)\Microsoft SQL Server\160\Tools\Binn\;C:\Program Files\Microsoft SQL Server\160\Tools\Binn\;C:\Program Files\Microsoft SQL Server\Client SDK\ODBC\170\Tools\Binn\;C:\Program Files\Microsoft SQL Server\160\DTS\Binn\;C:\Program Files\Java\jdk-25.0.2\bin.;C:\Program Files\Microsoft SQL Server\150\Tools\Binn\;D:\Program Files\Git\cmd;D:\Program Files\nodejs\;C:\ProgramData\chocolatey\bin;C:\Program Files\Java\jdk-25.0.2\bin;C:\Program Files (x86)\NVIDIA Corporation\PhysX\Common;C:\Program Files\NVIDIA Corporation\NVIDIA App\NvDLISR;C:\ProgramData\chocolatey\lib\maven\apache-maven-3.9.12\bin;C:\Users\ACER\AppData\Local\Programs\Python\Launcher\;C:\Users\ACER\AppData\Local\Microsoft\WindowsApps;C:\Program Files\Azure Data Studio\bin;D:\Program Files\PyCharm 2024.2.3\bin;;C:\Users\ACER\AppData\Local\Programs\Python\Python313;C:\Users\ACER\AppData\Roaming\npm;D:\Users\ACER\AppData\Local\Programs\Microsoft VS Code\bin;C:\Users\ACER\AppData\Local\Microsoft\WinGet\Packages\Astronomer.Astro_Microsoft.Winget.Source_8wekyb3d8bbwe;C:\Users\ACER\AppData\Local\Muse Hub\lib
USERNAME=ACER
OS=Windows_NT
PROCESSOR_IDENTIFIER=AMD64 Family 25 Model 80 Stepping 0, AuthenticAMD
TMP=C:\Users\ACER\AppData\Local\Temp
TEMP=C:\Users\ACER\AppData\Local\Temp




Compilation memory statistics disabled.

Periodic native trim disabled

---------------  S Y S T E M  ---------------

OS:
 Windows 11 , 64 bit Build 26100 (10.0.26100.8246)
OS uptime: 0 days 0:03 hours
Hyper-V role detected

CPU: total 12 (initial active 12) (12 cores per cpu, 2 threads per core) family 25 model 80 stepping 0 microcode 0xa50000c, cx8, cmov, fxsr, ht, mmx, 3dnowpref, sse, sse2, sse3, ssse3, sse4a, sse4.1, sse4.2, popcnt, lzcnt, tsc, tscinvbit, avx, avx2, aes, erms, clmul, bmi1, bmi2, adx, sha, fma, vzeroupper, clflush, clflushopt, clwb, hv, rdtscp, rdpid, fsrm, f16c, cet_ss
Processor Information for the first 12 processors :
  Max Mhz: 3301, Current Mhz: 3301, Mhz Limit: 3301

Memory: 4k page, system-wide physical 15724M (1041M free)
TotalPageFile size 42879M (AvailPageFile size 42M)
current process WorkingSet (physical memory assigned to process): 96M, peak: 370M
current process commit charge ("private bytes"): 357M, peak: 421M

vm_info: Java HotSpot(TM) 64-Bit Server VM (25.0.2+10-LTS-69) for windows-amd64 JRE (25.0.2+10-LTS-69), built on 2025-12-18T11:36:35Z with MS VC++ 17.13 (VS2022)

END.
